// Jest Snapshot v1, https://goo.gl/fbAQLP

exports[`renders correctly 1`] = `
<nav
  className="makeStyles-root-1"
>
  <header
    className="MuiPaper-root MuiAppBar-root MuiAppBar-positionStatic MuiAppBar-colorDefault MuiPaper-elevation4"
  >
    <div
      className="MuiToolbar-root MuiToolbar-regular MuiToolbar-gutters"
    >
      <div
        className="MuiGrid-root MuiGrid-container MuiGrid-justify-xs-space-between"
      >
        <div
          className="MuiGrid-root MuiGrid-item MuiGrid-grid-xs-1"
        >
          <img
            alt="Bosch Logo"
            className="makeStyles-logo-2"
            src="https://upload.wikimedia.org/wikipedia/commons/d/d8/Billa-Logo.svg"
          />
        </div>
        <div
          className="MuiGrid-root MuiGrid-item MuiGrid-grid-xs-4"
        >
          <div
            className="MuiGrid-root MuiGrid-container MuiGrid-justify-xs-center"
          >
            <a
              aria-disabled={false}
              className="MuiButtonBase-root MuiTab-root MuiTab-textColorInherit"
              href="/"
              onBlur={[Function]}
              onClick={[Function]}
              onDragLeave={[Function]}
              onFocus={[Function]}
              onKeyDown={[Function]}
              onKeyUp={[Function]}
              onMouseDown={[Function]}
              onMouseLeave={[Function]}
              onMouseUp={[Function]}
              onTouchEnd={[Function]}
              onTouchMove={[Function]}
              onTouchStart={[Function]}
              role="tab"
              tabIndex={0}
            >
              <span
                className="MuiTab-wrapper"
              >
                Home
              </span>
            </a>
            <a
              aria-disabled={false}
              className="MuiButtonBase-root MuiTab-root MuiTab-textColorInherit"
              href="/customers"
              onBlur={[Function]}
              onClick={[Function]}
              onDragLeave={[Function]}
              onFocus={[Function]}
              onKeyDown={[Function]}
              onKeyUp={[Function]}
              onMouseDown={[Function]}
              onMouseLeave={[Function]}
              onMouseUp={[Function]}
              onTouchEnd={[Function]}
              onTouchMove={[Function]}
              onTouchStart={[Function]}
              role="tab"
              tabIndex={0}
            >
              <span
                className="MuiTab-wrapper"
              >
                Customers
              </span>
            </a>
          </div>
        </div>
        <div
          className="MuiGrid-root MuiGrid-item MuiGrid-grid-xs-1"
        />
      </div>
    </div>
  </header>
</nav>
`;
